[2026-07-27 18:58:54***REMOVED*** Cron: auto-conspect
No active sessions. Starting a test session...
Created session: fd6ef3b1-7474-474c-994c-529e454b560b
Conspect saved to: /mnt/sdcard/PROJECTS/workstation/freebuff/context/summaries/conspect_freebuff_2026-07-27_1858.md
[2026-07-27 18:58:56***REMOVED*** Cron: done
[2026-07-27 20:07:16***REMOVED*** Cron: auto-conspect
Conspecting session: 3f42a157 (v5.0 SDK integration complete)
  → /mnt/sdcard/PROJECTS/workstation/freebuff/context/summaries/conspect_freebuff_2026-07-27_2007.md
[2026-07-27 20:07:18***REMOVED*** Cron: done
[2026-07-28 08:00:01***REMOVED*** Cron: auto-conspect
Conspecting session: 26275a79 (Overlay Telegram: попап, виджет, избранные, фикс database is locked)
  → /mnt/sdcard/PROJECTS/workstation/freebuff/context/summaries/conspect_tg_terminal_messenger_2026-07-28_0300.md
Conspecting session: Тест_стр (Тест стриминг-сессии)
  → /mnt/sdcard/PROJECTS/workstation/freebuff/context/summaries/conspect_tg_terminal_messenger_2026-07-28_0300.md
[2026-07-28 08:00:03***REMOVED*** Cron: done
[2026-07-28 08:30:01***REMOVED*** Cron: auto-conspect
No active sessions. Starting a test session...
Created session: 28db3a4c-22e6-424f-9e87-4f15697e3e0e
Conspect saved to: /mnt/sdcard/PROJECTS/workstation/freebuff/context/summaries/conspect_freebuff_2026-07-28_0330.md
[2026-07-28 08:30:04***REMOVED*** Cron: done
[2026-07-28 09:00:01***REMOVED*** Cron: auto-conspect
No active sessions. Starting a test session...
Created session: 1930cc54-16b4-4ba1-b6ad-e5d99261e754
Conspect saved to: /mnt/sdcard/PROJECTS/workstation/freebuff/context/summaries/conspect_freebuff_2026-07-28_0400.md
[2026-07-28 09:00:04***REMOVED*** Cron: done
[2026-07-28 09:30:00***REMOVED*** Cron: auto-conspect
No active sessions. Starting a test session...
Created session: f7c0fec4-30c0-4815-87e8-f3442e7532f9
Conspect saved to: /mnt/sdcard/PROJECTS/workstation/freebuff/context/summaries/conspect_freebuff_2026-07-28_0430.md
[2026-07-28 09:30:03***REMOVED*** Cron: done
[2026-07-28 10:00:00***REMOVED*** Cron: auto-conspect
No active sessions. Starting a test session...
Created session: 3a1a0a4a-6354-4b3c-9513-e15414a95298
Conspect saved to: /mnt/sdcard/PROJECTS/workstation/freebuff/context/summaries/conspect_freebuff_2026-07-28_0500.md
[2026-07-28 10:00:03***REMOVED*** Cron: done
[2026-07-28 10:30:01***REMOVED*** Cron: auto-conspect
No active sessions. Starting a test session...
Created session: c2aa1646-2efb-4ce8-a20b-e0cdc3d2e5c1
Conspect saved to: /mnt/sdcard/PROJECTS/workstation/freebuff/context/summaries/conspect_freebuff_2026-07-28_0530.md
[2026-07-28 10:30:04***REMOVED*** Cron: done
[2026-07-28 11:00:01***REMOVED*** Cron: auto-conspect
No active sessions. Starting a test session...
Created session: 23a06372-a321-4460-a7c3-9fb0b40b2ad1
Conspect saved to: /mnt/sdcard/PROJECTS/workstation/freebuff/context/summaries/conspect_freebuff_2026-07-28_0600.md
[2026-07-28 11:00:05***REMOVED*** Cron: done
[2026-07-28 11:30:00***REMOVED*** Cron: auto-conspect
No active sessions. Starting a test session...
Created session: b44edf8b-5b63-4bf0-832c-8c33f502d830
Conspect saved to: /mnt/sdcard/PROJECTS/workstation/freebuff/context/summaries/conspect_freebuff_2026-07-28_0630.md
[2026-07-28 11:30:04***REMOVED*** Cron: done
[2026-07-28 12:00:01***REMOVED*** Cron: auto-conspect
No active sessions. Starting a test session...
Created session: f2de94fd-ace1-4ff1-a0f9-d1b72e676dd6
Conspect saved to: /mnt/sdcard/PROJECTS/workstation/freebuff/context/summaries/conspect_freebuff_2026-07-28_0700.md
[2026-07-28 12:00:04***REMOVED*** Cron: done
[2026-07-28 12:30:01***REMOVED*** Cron: auto-conspect
No active sessions. Starting a test session...
Created session: 63a6d7ed-6640-45e6-8fef-463ecf8a7d07
Conspect saved to: /mnt/sdcard/PROJECTS/workstation/freebuff/context/summaries/conspect_freebuff_2026-07-28_0730.md
[2026-07-28 12:30:04***REMOVED*** Cron: done
[2026-07-28 13:00:00***REMOVED*** Cron: auto-conspect
No active sessions. Starting a test session...
Created session: b0b24ef8-4ed5-4fcf-a07f-2552848b5748
Conspect saved to: /mnt/sdcard/PROJECTS/workstation/freebuff/context/summaries/conspect_freebuff_2026-07-28_0800.md
[2026-07-28 13:00:04***REMOVED*** Cron: done
[2026-07-28 13:30:00***REMOVED*** Cron: auto-conspect
No active sessions. Starting a test session...
Created session: 0892ce1f-3e69-492b-8460-33cc0883730d
Conspect saved to: /mnt/sdcard/PROJECTS/workstation/freebuff/context/summaries/conspect_freebuff_2026-07-28_0830.md
[2026-07-28 13:30:04***REMOVED*** Cron: done
[2026-07-28 14:00:01***REMOVED*** Cron: auto-conspect
No active sessions. Starting a test session...
Created session: e4e006a6-e84a-4018-accf-7d7610a2014a
Conspect saved to: /mnt/sdcard/PROJECTS/workstation/freebuff/context/summaries/conspect_freebuff_2026-07-28_0900.md
[2026-07-28 14:00:04***REMOVED*** Cron: done
[2026-07-28 14:30:03***REMOVED*** Cron: auto-conspect
No active sessions. Starting a test session...
Created session: de2bf525-2036-43ea-a79c-1fe5f0ba4f9d
Conspect saved to: /mnt/sdcard/PROJECTS/workstation/freebuff/context/summaries/conspect_freebuff_2026-07-28_0930.md
[2026-07-28 14:30:10***REMOVED*** Cron: done
[2026-07-28 15:00:01***REMOVED*** Cron: auto-conspect
No active sessions. Starting a test session...
Created session: a6ee01a5-c798-4b63-8d35-b8befb46cfd2
Conspect saved to: /mnt/sdcard/PROJECTS/workstation/freebuff/context/summaries/conspect_freebuff_2026-07-28_1000.md
[2026-07-28 15:00:04***REMOVED*** Cron: done
[2026-07-28 15:30:01***REMOVED*** Cron: auto-conspect
No active sessions. Starting a test session...
Created session: 320d34db-11a6-421b-b9d8-77f1d286d51f
Conspect saved to: /mnt/sdcard/PROJECTS/workstation/freebuff/context/summaries/conspect_freebuff_2026-07-28_1030.md
[2026-07-28 15:30:04***REMOVED*** Cron: done
[2026-07-28 16:00:54***REMOVED*** Cron: auto-conspect
No active sessions. Starting a test session...
Created session: bb0c1b11-530e-4ce8-a155-d48f315b7de7
Conspect saved to: /mnt/sdcard/PROJECTS/workstation/freebuff/context/summaries/conspect_freebuff_2026-07-28_1102.md
[2026-07-28 16:02:40***REMOVED*** Cron: done
[2026-07-28 16:30:01***REMOVED*** Cron: auto-conspect
No active sessions. Starting a test session...
Created session: 60ba7265-0260-4555-a9ab-263348f56287
Conspect saved to: /mnt/sdcard/PROJECTS/workstation/freebuff/context/summaries/conspect_freebuff_2026-07-28_1130.md
[2026-07-28 16:30:04***REMOVED*** Cron: done
